INFEAS-01    infeasible     ilp=H rule=H single=H referee=H debate=f selfcons=H
INFEAS-02    infeasible     ilp=H rule=H single=H referee=H debate=H selfcons=H
INFEAS-03    infeasible     ilp=f rule=f single=H referee=H debate=H selfcons=H
INFEAS-04    infeasible     ilp=H rule=H single=H referee=H debate=H selfcons=H
INFEAS-05    infeasible     ilp=H rule=H single=H referee=H debate=H selfcons=H
INFEAS-06    infeasible     ilp=H rule=H single=H referee=H debate=H selfcons=H
POLICY-01    nl_policy      ilp=H rule=H single=H referee=H debate=f selfcons=f
POLICY-02    nl_policy      ilp=f rule=f single=H referee=H debate=H selfcons=H
POLICY-03    nl_policy      ilp=H rule=H single=H referee=H debate=H selfcons=H
POLICY-04    nl_policy      ilp=H rule=H single=H referee=H debate=H selfcons=H
POLICY-05    nl_policy      ilp=f rule=f single=f referee=f debate=f selfcons=f
POLICY-06    nl_policy      ilp=f rule=f single=f referee=f debate=f selfcons=f
CONTRA-01    contradiction  ilp=H rule=H single=H referee=H debate=H selfcons=H
CONTRA-02    contradiction  ilp=H rule=H single=H referee=H debate=H selfcons=H
CONTRA-03    contradiction  ilp=H rule=f single=H referee=f debate=f selfcons=f
CONTRA-04    contradiction  ilp=f rule=H single=H referee=f debate=f selfcons=f
CONTRA-05    contradiction  ilp=H rule=H single=f referee=f debate=H selfcons=f
CONTRA-06    contradiction  ilp=f rule=f single=f referee=f debate=f selfcons=f
UNMOD-01     unmodeled      ilp=H rule=H single=H referee=H debate=H selfcons=H
UNMOD-02     unmodeled      ilp=H rule=H single=H referee=H debate=H selfcons=H
