INFEAS-01    infeasible     ilp=H rule=H single=f single-noarg=f referee-noarg=f referee=f
INFEAS-02    infeasible     ilp=H rule=H single=f single-noarg=H referee-noarg=f referee=f
INFEAS-03    infeasible     ilp=f rule=f single=H single-noarg=H referee-noarg=H referee=f
INFEAS-04    infeasible     ilp=H rule=H single=H single-noarg=H referee-noarg=H referee=H
INFEAS-05    infeasible     ilp=H rule=H single=f single-noarg=f referee-noarg=f referee=f
INFEAS-06    infeasible     ilp=H rule=H single=H single-noarg=H referee-noarg=H referee=H
POLICY-01    nl_policy      ilp=H rule=H single=H single-noarg=H referee-noarg=H referee=H
POLICY-02    nl_policy      ilp=f rule=f single=H single-noarg=H referee-noarg=H referee=H
POLICY-03    nl_policy      ilp=H rule=H single=H single-noarg=H referee-noarg=H referee=H
POLICY-04    nl_policy      ilp=H rule=H single=H single-noarg=H referee-noarg=H referee=H
POLICY-05    nl_policy      ilp=f rule=f single=f single-noarg=f referee-noarg=f referee=f
POLICY-06    nl_policy      ilp=f rule=f single=H single-noarg=f referee-noarg=f referee=H
CONTRA-01    contradiction  ilp=H rule=H single=H single-noarg=H referee-noarg=H referee=H
CONTRA-02    contradiction  ilp=H rule=H single=H single-noarg=H referee-noarg=H referee=H
CONTRA-03    contradiction  ilp=H rule=f single=f single-noarg=f referee-noarg=f referee=f
CONTRA-04    contradiction  ilp=f rule=H single=H single-noarg=H referee-noarg=H referee=H
CONTRA-05    contradiction  ilp=H rule=H single=f single-noarg=f referee-noarg=f referee=f
CONTRA-06    contradiction  ilp=f rule=f single=f single-noarg=f referee-noarg=f referee=H
UNMOD-01     unmodeled      ilp=H rule=H single=H single-noarg=H referee-noarg=H referee=H
UNMOD-02     unmodeled      ilp=H rule=H single=H single-noarg=H referee-noarg=H referee=H
UNMOD-03     unmodeled      ilp=H rule=H single=H single-noarg=H referee-noarg=H referee=H
UNMOD-04     unmodeled      ilp=f rule=f single=f single-noarg=f referee-noarg=f referee=f
UNMOD-05     unmodeled      ilp=f rule=H single=H single-noarg=H referee-noarg=H referee=H
UNMOD-06     unmodeled      ilp=f rule=f single=f single-noarg=f referee-noarg=f referee=f
CORRUPT-01   corrupt        ilp=f rule=f single=H single-noarg=H referee-noarg=H referee=H
CORRUPT-02   corrupt        ilp=H rule=f single=H single-noarg=H referee-noarg=H referee=H
CORRUPT-03   corrupt        ilp=H rule=H single=H single-noarg=H referee-noarg=H referee=H
CORRUPT-04   corrupt        ilp=H rule=H single=H single-noarg=H referee-noarg=H referee=H
CORRUPT-05   corrupt        ilp=f rule=H single=H single-noarg=H referee-noarg=H referee=H
CORRUPT-06   corrupt        ilp=H rule=H single=f single-noarg=f referee-noarg=f referee=f
AMBIG-01     ambiguous      ilp=H rule=H single=H single-noarg=H referee-noarg=f referee=H
AMBIG-02     ambiguous      ilp=f rule=f single=H single-noarg=H referee-noarg=f referee=H
AMBIG-03     ambiguous      ilp=H rule=H single=H single-noarg=H referee-noarg=H referee=H
AMBIG-04     ambiguous      ilp=H rule=H single=H single-noarg=H referee-noarg=H referee=H
AMBIG-05     ambiguous      ilp=f rule=f single=f single-noarg=f referee-noarg=H referee=f
AMBIG-06     ambiguous      ilp=H rule=H single=f single-noarg=H referee-noarg=H referee=H
ROUTINE-01   routine        ilp=H rule=H single=H single-noarg=H referee-noarg=H referee=H
ROUTINE-02   routine        ilp=H rule=H single=f single-noarg=f referee-noarg=f referee=f
ROUTINE-03   routine        ilp=H rule=H single=H single-noarg=H referee-noarg=H referee=H
ROUTINE-04   routine        ilp=H rule=H single=H single-noarg=H referee-noarg=H referee=H
ROUTINE-05   routine        ilp=H rule=H single=H single-noarg=H referee-noarg=H referee=H
ROUTINE-06   routine        ilp=H rule=H single=f single-noarg=H referee-noarg=H referee=H
INFEAS-07    infeasible     ilp=f rule=f single=f single-noarg=f referee-noarg=f referee=H
INFEAS-08    infeasible     ilp=f rule=f single=f single-noarg=f referee-noarg=f referee=f
INFEAS-09    infeasible     ilp=f rule=f single=H single-noarg=f referee-noarg=f referee=f
CONTRA-07    contradiction  ilp=f rule=f single=f single-noarg=f referee-noarg=f referee=f
CONTRA-08    contradiction  ilp=f rule=f single=f single-noarg=f referee-noarg=f referee=f
CONTRA-09    contradiction  ilp=f rule=f single=H single-noarg=f referee-noarg=f referee=H
AMBIG-07     ambiguous      ilp=f rule=f single=f single-noarg=f referee-noarg=f referee=f
AMBIG-08     ambiguous      ilp=f rule=f single=f single-noarg=f referee-noarg=f referee=f
AMBIG-09     ambiguous      ilp=f rule=f single=f single-noarg=f referee-noarg=f referee=f
CORRUPT-07   corrupt        ilp=f rule=f single=H single-noarg=H referee-noarg=H referee=H
CORRUPT-08   corrupt        ilp=f rule=f single=H single-noarg=f referee-noarg=f referee=H
CORRUPT-09   corrupt        ilp=H rule=H single=H single-noarg=H referee-noarg=H referee=H

category                 ilp        rule      singlesingle-noargreferee-noarg     referee
infeasible            5/9         5/9         4/9         4/9         3/9         3/9   
nl_policy             3/6         3/6         5/6         4/6         4/6         5/6   
contradiction         4/9         4/9         4/9         3/9         3/9         5/9   
unmodeled             3/6         4/6         4/6         4/6         4/6         4/6   
corrupt               5/9         5/9         8/9         7/9         7/9         8/9   
ambiguous             4/9         4/9         4/9         5/9         4/9         5/9   
routine               6/6         6/6         4/6         5/6         5/6         5/6   
TOTAL                30/54       31/54       33/54       32/54       30/54       35/54  
  ilp        over-awarded  0   unresolved  0   policy-flagged  5
  rule       over-awarded  0   unresolved  0   policy-flagged  0
  single     over-awarded  4   unresolved  0   policy-flagged 14
  single-noarg over-awarded  2   unresolved  0   policy-flagged  6
  referee-noarg over-awarded  3   unresolved  0   policy-flagged  7
  referee    over-awarded  3   unresolved  0   policy-flagged 11
  ilp        cited the driving fact in 0/27 cases naming one
  rule       cited the driving fact in 0/27 cases naming one
  single     cited the driving fact in 5/27 cases naming one
  single-noarg cited the driving fact in 1/27 cases naming one
  referee-noarg cited the driving fact in 0/27 cases naming one
  referee    cited the driving fact in 3/27 cases naming one

paired McNemar (handled), exact two-sided:
        ilp vs rule      ilp only  2 | rule only  3 | p=1.000 
        ilp vs single    ilp only  9 | single only 12 | p=0.664 
        ilp vs single-noarg ilp only  6 | single-noarg only  8 | p=0.791 
        ilp vs referee-noarg ilp only  8 | referee-noarg only  8 | p=1.000 
        ilp vs referee   ilp only  7 | referee only 12 | p=0.359 
       rule vs single    rule only  8 | single only 10 | p=0.815 
       rule vs single-noarg rule only  5 | single-noarg only  6 | p=1.000 
       rule vs referee-noarg rule only  7 | referee-noarg only  6 | p=1.000 
       rule vs referee   rule only  6 | referee only 10 | p=0.454 
     single vs single-noarg single only  4 | single-noarg only  3 | p=1.000 
     single vs referee-noarg single only  6 | referee-noarg only  3 | p=0.508 
     single vs referee   single only  2 | referee only  4 | p=0.688 
  single-noarg vs referee-noarg single-noarg only  3 | referee-noarg only  1 | p=0.625 
  single-noarg vs referee   single-noarg only  2 | referee only  5 | p=0.453 
  referee-noarg vs referee   referee-noarg only  2 | referee only  7 | p=0.180 

full transcripts -> pins/results_hardcases_2x2_14b.json
