P3-POLICY-01   nl_policy    market=. single-pkt=.* single-pkt-boN=.* debate-pkt=.*
P3-POLICY-02   nl_policy    market=. single-pkt=.* single-pkt-boN=.* debate-pkt=.*
P3-POLICY-03   nl_policy    market=. single-pkt=.* single-pkt-boN=.* debate-pkt=.*
P3-POLICY-04   nl_policy    market=. single-pkt=H* single-pkt-boN=H* debate-pkt=H*
P3-POLICY-05   nl_policy    market=. single-pkt=H* single-pkt-boN=H* debate-pkt=H*
P3-POLICY-06   nl_policy    market=. single-pkt=.* single-pkt-boN=.* debate-pkt=.*
P3-POLICY-07   nl_policy    market=. single-pkt=.* single-pkt-boN=.* debate-pkt=.
P3-UNMOD-01    unmodeled    market=. single-pkt=.* single-pkt-boN=.* debate-pkt=H*
P3-UNMOD-02    unmodeled    market=. single-pkt=.* single-pkt-boN=.* debate-pkt=.*
P3-UNMOD-03    unmodeled    market=. single-pkt=.* single-pkt-boN=.* debate-pkt=.*
P3-UNMOD-04    unmodeled    market=. single-pkt=H* single-pkt-boN=H* debate-pkt=H*
P3-UNMOD-05    unmodeled    market=. single-pkt=. single-pkt-boN=. debate-pkt=.*
P3-UNMOD-06    unmodeled    market=. single-pkt=.* single-pkt-boN=.* debate-pkt=H*
P3-UNMOD-07    unmodeled    market=. single-pkt=.* single-pkt-boN=.* debate-pkt=H*
P3-UNMOD-08    unmodeled    market=. single-pkt=.* single-pkt-boN=.* debate-pkt=H*
P3-CORRUPT-01  corrupt      market=. single-pkt=.* single-pkt-boN=.* debate-pkt=H*
P3-CORRUPT-02  corrupt      market=. single-pkt=H* single-pkt-boN=H* debate-pkt=H*
P3-CORRUPT-03  corrupt      market=. single-pkt=.* single-pkt-boN=.* debate-pkt=.*
P3-CORRUPT-04  corrupt      market=. single-pkt=.* single-pkt-boN=H* debate-pkt=H*
P3-CORRUPT-05  corrupt      market=. single-pkt=.* single-pkt-boN=.* debate-pkt=.*
P3-CONTRA-01   contradiction market=. single-pkt=.* single-pkt-boN=.* debate-pkt=.*
P3-CONTRA-02   contradiction market=. single-pkt=H* single-pkt-boN=H* debate-pkt=H*
P3-CONTRA-03   contradiction market=. single-pkt=H* single-pkt-boN=H* debate-pkt=.*
P3-CONTRA-04   contradiction market=. single-pkt=H* single-pkt-boN=H* debate-pkt=H*
P3-AMBIG-01    ambiguous    market=. single-pkt=.* single-pkt-boN=.* debate-pkt=.*
P3-AMBIG-02    ambiguous    market=. single-pkt=. single-pkt-boN=. debate-pkt=.
P3-AMBIG-03    ambiguous    market=. single-pkt=H* single-pkt-boN=H* debate-pkt=H*
P3-INFEAS-01   infeasible   market=. single-pkt=.* single-pkt-boN=.* debate-pkt=.*
P3-INFEAS-02   infeasible   market=. single-pkt=H* single-pkt-boN=H* debate-pkt=H*
P3-INFEAS-03   infeasible   market=. single-pkt=.* single-pkt-boN=.* debate-pkt=.*
P3-PLACEBO-01  placebo      market=H single-pkt=H single-pkt-boN=H debate-pkt=H
P3-PLACEBO-02  placebo      market=H single-pkt=.* single-pkt-boN=.* debate-pkt=.*
P3-PLACEBO-03  placebo      market=H single-pkt=H single-pkt-boN=H debate-pkt=H
P3-PLACEBO-04  placebo      market=H single-pkt=H single-pkt-boN=H debate-pkt=H
P3-PLACEBO-05  placebo      market=H single-pkt=H single-pkt-boN=H debate-pkt=H
P3-CONFIRM-01  confirm      market=H single-pkt=.* single-pkt-boN=.* debate-pkt=.*
P3-CONFIRM-02  confirm      market=. single-pkt=.* single-pkt-boN=.* debate-pkt=.*
P3-CONFIRM-03  confirm      market=H single-pkt=H single-pkt-boN=H debate-pkt=H
P3-CONFIRM-04  confirm      market=H single-pkt=H single-pkt-boN=H debate-pkt=H
P3-POLICY-08   nl_policy    market=. single-pkt=. single-pkt-boN=. debate-pkt=.
P4-POLICY-01   nl_policy    market=. single-pkt=. single-pkt-boN=. debate-pkt=.*
P4-POLICY-02   nl_policy    market=. single-pkt=.* single-pkt-boN=.* debate-pkt=H*
P4-POLICY-03   nl_policy    market=. single-pkt=. single-pkt-boN=. debate-pkt=.*
P4-POLICY-04   nl_policy    market=. single-pkt=.* single-pkt-boN=.* debate-pkt=.*
P4-POLICY-05   nl_policy    market=. single-pkt=H* single-pkt-boN=H* debate-pkt=H*
P4-POLICY-06   nl_policy    market=. single-pkt=H* single-pkt-boN=H* debate-pkt=H*
P4-POLICY-07   nl_policy    market=. single-pkt=. single-pkt-boN=. debate-pkt=.*
P4-POLICY-09   nl_policy    market=. single-pkt=H* single-pkt-boN=H* debate-pkt=H*
P4-POLICY-08   nl_policy    market=. single-pkt=.* single-pkt-boN=.* debate-pkt=.*
P4-POLICY-10   nl_policy    market=. single-pkt=H* single-pkt-boN=H* debate-pkt=.*
P4-POLICY-11   nl_policy    market=. single-pkt=H* single-pkt-boN=H* debate-pkt=H*
P4-POLICY-12   nl_policy    market=. single-pkt=H* single-pkt-boN=H* debate-pkt=H*
P4-POLICY-13   nl_policy    market=. single-pkt=. single-pkt-boN=. debate-pkt=.*
P4-UNMOD-01    unmodeled    market=. single-pkt=.* single-pkt-boN=.* debate-pkt=.*
P4-UNMOD-02    unmodeled    market=. single-pkt=H* single-pkt-boN=H* debate-pkt=H*
P4-UNMOD-03    unmodeled    market=. single-pkt=.* single-pkt-boN=.* debate-pkt=.
P4-UNMOD-04    unmodeled    market=. single-pkt=.* single-pkt-boN=.* debate-pkt=H*
P4-UNMOD-05    unmodeled    market=. single-pkt=.* single-pkt-boN=.* debate-pkt=.
P4-UNMOD-06    unmodeled    market=. single-pkt=.* single-pkt-boN=.* debate-pkt=.*
P4-UNMOD-07    unmodeled    market=. single-pkt=H* single-pkt-boN=H* debate-pkt=H*
P4-UNMOD-08    unmodeled    market=. single-pkt=.* single-pkt-boN=.* debate-pkt=H*
P4-UNMOD-09    unmodeled    market=. single-pkt=.* single-pkt-boN=.* debate-pkt=.*
P4-UNMOD-10    unmodeled    market=. single-pkt=.* single-pkt-boN=.* debate-pkt=H*
P4-UNMOD-11    unmodeled    market=. single-pkt=.* single-pkt-boN=.* debate-pkt=H*
P4-UNMOD-12    unmodeled    market=. single-pkt=H* single-pkt-boN=H* debate-pkt=H*
P4-UNMOD-13    unmodeled    market=. single-pkt=.* single-pkt-boN=.* debate-pkt=H*
P4-CORRUPT-01  corrupt      market=. single-pkt=.* single-pkt-boN=.* debate-pkt=.*
P4-CORRUPT-02  corrupt      market=. single-pkt=.* single-pkt-boN=.* debate-pkt=.*
P4-CORRUPT-03  corrupt      market=. single-pkt=H* single-pkt-boN=H* debate-pkt=H*
P4-CORRUPT-04  corrupt      market=. single-pkt=.* single-pkt-boN=.* debate-pkt=.*
P4-CORRUPT-05  corrupt      market=. single-pkt=H* single-pkt-boN=H* debate-pkt=H*
P4-CORRUPT-06  corrupt      market=. single-pkt=.* single-pkt-boN=.* debate-pkt=H*
P4-CORRUPT-07  corrupt      market=. single-pkt=H* single-pkt-boN=H* debate-pkt=H*
P4-CORRUPT-08  corrupt      market=. single-pkt=.* single-pkt-boN=.* debate-pkt=H*
P4-CONTRA-01   contradiction market=. single-pkt=H* single-pkt-boN=H* debate-pkt=H*
P4-CONTRA-02   contradiction market=. single-pkt=.* single-pkt-boN=H* debate-pkt=H*
P4-CONTRA-03   contradiction market=. single-pkt=H* single-pkt-boN=H* debate-pkt=H*
P4-CONTRA-04   contradiction market=. single-pkt=.* single-pkt-boN=.* debate-pkt=.*
P4-CONTRA-05   contradiction market=. single-pkt=. single-pkt-boN=. debate-pkt=.*
P4-CONTRA-06   contradiction market=. single-pkt=.* single-pkt-boN=.* debate-pkt=.*
P4-AMBIG-01    ambiguous    market=. single-pkt=.* single-pkt-boN=.* debate-pkt=H*
P4-AMBIG-02    ambiguous    market=. single-pkt=H* single-pkt-boN=H* debate-pkt=H*
P4-AMBIG-03    ambiguous    market=. single-pkt=H* single-pkt-boN=H* debate-pkt=H*
P4-AMBIG-04    ambiguous    market=. single-pkt=.* single-pkt-boN=.* debate-pkt=.*
P4-AMBIG-05    ambiguous    market=. single-pkt=.* single-pkt-boN=.* debate-pkt=.
P4-INFEAS-01   infeasible   market=. single-pkt=.* single-pkt-boN=.* debate-pkt=H*
P4-INFEAS-02   infeasible   market=. single-pkt=.* single-pkt-boN=.* debate-pkt=.*
P4-INFEAS-03   infeasible   market=. single-pkt=.* single-pkt-boN=.* debate-pkt=H*
P4-INFEAS-04   infeasible   market=. single-pkt=H* single-pkt-boN=H* debate-pkt=H*
P4-INFEAS-05   infeasible   market=. single-pkt=H* single-pkt-boN=H* debate-pkt=H*
P4-PLACEBO-01  placebo      market=H single-pkt=H single-pkt-boN=H debate-pkt=H
P4-PLACEBO-02  placebo      market=H single-pkt=.* single-pkt-boN=.* debate-pkt=.*
P4-PLACEBO-03  placebo      market=H single-pkt=.* single-pkt-boN=.* debate-pkt=.*
P4-PLACEBO-04  placebo      market=H single-pkt=H single-pkt-boN=H debate-pkt=H
P4-CONFIRM-01  confirm      market=H single-pkt=H single-pkt-boN=H debate-pkt=H
P4-CONFIRM-02  confirm      market=H single-pkt=H single-pkt-boN=H debate-pkt=H
P4-CONFIRM-03  confirm      market=H single-pkt=H single-pkt-boN=H debate-pkt=H
P4-CONFIRM-04  confirm      market=H single-pkt=H single-pkt-boN=H debate-pkt=H

=== PRIMARY  n=81 ===
  arm               strict  handled  fired  invalid  calls
  market              0/81      0/81       0        0      0
  single-pkt         27/81     27/81      73        0     81
  single-pkt-boN     29/81     29/81      73        0    569
  debate-pkt         43/81     43/81      75        0    569
  head-to-head debate-pkt vs single-pkt-boN: b=16 c=2
  head-to-head debate-pkt vs single-pkt: b=18 c=2
  head-to-head single-pkt-boN vs single-pkt: b=2 c=0

=== CONTROLS  n=17 ===
  arm               strict  handled  fired  invalid  calls
  market             16/17     16/17       0        0      0
  single-pkt         12/17     12/17       5        0     17
  single-pkt-boN     12/17     12/17       5        0    113
  debate-pkt         12/17     12/17       5        0    113
  head-to-head debate-pkt vs single-pkt-boN: b=0 c=0
  head-to-head debate-pkt vs single-pkt: b=0 c=0
  head-to-head single-pkt-boN vs single-pkt: b=0 c=0

full detail -> /import/gp-home.ciero/kimseng/Research/pins/results_exp89_qwen2.514b_t0.8.json
now run: .venv/bin/python -m pins.exp89_analyse /import/gp-home.ciero/kimseng/Research/pins/results_exp89_qwen2.514b_t0.8.json
