P3-POLICY-01   nl_policy    market=. single-pkt=.* referee-pkt=.*
P3-POLICY-02   nl_policy    market=. single-pkt=. referee-pkt=.*
P3-POLICY-03   nl_policy    market=. single-pkt=. referee-pkt=.*
P3-POLICY-04   nl_policy    market=. single-pkt=. referee-pkt=.*
P3-POLICY-05   nl_policy    market=. single-pkt=. referee-pkt=.*
P3-POLICY-06   nl_policy    market=. single-pkt=.* referee-pkt=.*
P3-POLICY-07   nl_policy    market=. single-pkt=. referee-pkt=.*
P3-UNMOD-01    unmodeled    market=. single-pkt=.* referee-pkt=.*
P3-UNMOD-02    unmodeled    market=. single-pkt=. referee-pkt=.
P3-UNMOD-03    unmodeled    market=. single-pkt=. referee-pkt=.
P3-UNMOD-04    unmodeled    market=. single-pkt=. referee-pkt=.*
P3-UNMOD-05    unmodeled    market=. single-pkt=. referee-pkt=.
P3-UNMOD-06    unmodeled    market=. single-pkt=. referee-pkt=.*
P3-UNMOD-07    unmodeled    market=. single-pkt=. referee-pkt=.*
P3-UNMOD-08    unmodeled    market=. single-pkt=. referee-pkt=.*
P3-CORRUPT-01  corrupt      market=. single-pkt=. referee-pkt=.*
P3-CORRUPT-02  corrupt      market=. single-pkt=. referee-pkt=.*
P3-CORRUPT-03  corrupt      market=. single-pkt=. referee-pkt=.
P3-CORRUPT-04  corrupt      market=. single-pkt=. referee-pkt=.*
P3-CORRUPT-05  corrupt      market=. single-pkt=.* referee-pkt=.*
P3-CONTRA-01   contradiction market=. single-pkt=. referee-pkt=.
P3-CONTRA-02   contradiction market=. single-pkt=.* referee-pkt=.
P3-CONTRA-03   contradiction market=. single-pkt=. referee-pkt=.
P3-CONTRA-04   contradiction market=. single-pkt=. referee-pkt=.
P3-AMBIG-01    ambiguous    market=. single-pkt=. referee-pkt=.*
P3-AMBIG-02    ambiguous    market=. single-pkt=. referee-pkt=.
P3-AMBIG-03    ambiguous    market=. single-pkt=. referee-pkt=.
P3-INFEAS-01   infeasible   market=. single-pkt=. referee-pkt=.
P3-INFEAS-02   infeasible   market=. single-pkt=. referee-pkt=.
P3-INFEAS-03   infeasible   market=. single-pkt=. referee-pkt=.*
P3-PLACEBO-01  placebo      market=H single-pkt=H referee-pkt=H
P3-PLACEBO-02  placebo      market=H single-pkt=.* referee-pkt=.*
P3-PLACEBO-03  placebo      market=H single-pkt=H referee-pkt=H
P3-PLACEBO-04  placebo      market=H single-pkt=H referee-pkt=H
P3-PLACEBO-05  placebo      market=H single-pkt=.* referee-pkt=H
P3-CONFIRM-01  confirm      market=H single-pkt=H referee-pkt=H
P3-CONFIRM-02  confirm      market=. single-pkt=. referee-pkt=.*
P3-CONFIRM-03  confirm      market=H single-pkt=H referee-pkt=H
P3-CONFIRM-04  confirm      market=H single-pkt=H referee-pkt=H
P3-POLICY-08   nl_policy    market=. single-pkt=.* referee-pkt=.

=== PRIMARY  n=31 ===
  arm            handled  fired  invalid  rescued  broke   net  badid
  market            0/31       0        0        0      0    +0      0
  single-pkt        0/31       6        0        0      0    +0      0
  referee-pkt       0/31      18        0        0      0    +0      0
  head-to-head referee vs single: referee-only 0, single-only 0

=== CONTROLS  n=9 ===
  arm            handled  fired  invalid  rescued  broke   net  badid
  market            8/9        0        0        0      0    +0      0
  single-pkt        6/9        2        0        0      2    -2      0
  referee-pkt       7/9        2        0        0      1    -1      0
  head-to-head referee vs single: referee-only 1, single-only 0

=== ALL  n=40 ===
  arm            handled  fired  invalid  rescued  broke   net  badid
  market            8/40       0        0        0      0    +0      0
  single-pkt        6/40       8        0        0      2    -2      0
  referee-pkt       7/40      20        0        0      1    -1      0
  head-to-head referee vs single: referee-only 1, single-only 0

=== confidence calibration (PRIMARY): does conf >= 0.70 predict a correct override? ===
  single-pkt    fired  6   conf>=0.70 correct     0/6   conf<0.70 correct     n/a
  referee-pkt   fired 18   conf>=0.70 correct    0/18   conf<0.70 correct     n/a

max_delta=6   full detail -> pins/results_exp82_qwen257b_d6.json
