P3-POLICY-01   nl_policy    market=. single-pkt=.* debate-pkt=.* debate-noarg-pkt=.* critic-pkt=.*
P3-POLICY-02   nl_policy    market=. single-pkt=.* debate-pkt=.* debate-noarg-pkt=.* critic-pkt=.*
P3-POLICY-03   nl_policy    market=. single-pkt=.* debate-pkt=.* debate-noarg-pkt=.* critic-pkt=H*
P3-POLICY-04   nl_policy    market=. single-pkt=H* debate-pkt=H* debate-noarg-pkt=H* critic-pkt=H*
P3-POLICY-05   nl_policy    market=. single-pkt=H* debate-pkt=H* debate-noarg-pkt=H* critic-pkt=H*
P3-POLICY-06   nl_policy    market=. single-pkt=.* debate-pkt=.* debate-noarg-pkt=.* critic-pkt=.*
P3-POLICY-07   nl_policy    market=. single-pkt=.* debate-pkt=. debate-noarg-pkt=. critic-pkt=.*
P3-UNMOD-01    unmodeled    market=. single-pkt=.* debate-pkt=H* debate-noarg-pkt=H* critic-pkt=H*
P3-UNMOD-02    unmodeled    market=. single-pkt=.* debate-pkt=.* debate-noarg-pkt=H* critic-pkt=.*
P3-UNMOD-03    unmodeled    market=. single-pkt=.* debate-pkt=.* debate-noarg-pkt=.* critic-pkt=.*
P3-UNMOD-04    unmodeled    market=. single-pkt=H* debate-pkt=H* debate-noarg-pkt=H* critic-pkt=H*
P3-UNMOD-05    unmodeled    market=. single-pkt=. debate-pkt=.* debate-noarg-pkt=.* critic-pkt=.
P3-UNMOD-06    unmodeled    market=. single-pkt=.* debate-pkt=H* debate-noarg-pkt=H* critic-pkt=.*
P3-UNMOD-07    unmodeled    market=. single-pkt=.* debate-pkt=H* debate-noarg-pkt=H* critic-pkt=H*
P3-UNMOD-08    unmodeled    market=. single-pkt=.* debate-pkt=H* debate-noarg-pkt=H* critic-pkt=H*
P3-CORRUPT-01  corrupt      market=. single-pkt=.* debate-pkt=H* debate-noarg-pkt=H* critic-pkt=.*
P3-CORRUPT-02  corrupt      market=. single-pkt=H* debate-pkt=H* debate-noarg-pkt=H* critic-pkt=H*
P3-CORRUPT-03  corrupt      market=. single-pkt=.* debate-pkt=.* debate-noarg-pkt=.* critic-pkt=.*
P3-CORRUPT-04  corrupt      market=. single-pkt=.* debate-pkt=H* debate-noarg-pkt=H* critic-pkt=H*
P3-CORRUPT-05  corrupt      market=. single-pkt=.* debate-pkt=.* debate-noarg-pkt=.* critic-pkt=.*
P3-CONTRA-01   contradiction market=. single-pkt=.* debate-pkt=.* debate-noarg-pkt=.* critic-pkt=.*
P3-CONTRA-02   contradiction market=. single-pkt=H* debate-pkt=H* debate-noarg-pkt=H* critic-pkt=H*
P3-CONTRA-03   contradiction market=. single-pkt=H* debate-pkt=.* debate-noarg-pkt=.* critic-pkt=H*
P3-CONTRA-04   contradiction market=. single-pkt=H* debate-pkt=H* debate-noarg-pkt=H* critic-pkt=H*
P3-AMBIG-01    ambiguous    market=. single-pkt=.* debate-pkt=.* debate-noarg-pkt=.* critic-pkt=.
P3-AMBIG-02    ambiguous    market=. single-pkt=. debate-pkt=. debate-noarg-pkt=. critic-pkt=.*
P3-AMBIG-03    ambiguous    market=. single-pkt=H* debate-pkt=H* debate-noarg-pkt=H* critic-pkt=H*
